[DATA_POINT]
1="tcp_connect"
2="tcp_connection_count"
3="mic_recv"
4="HTTP_200"
5="HTTP_404"
6="mic_pgs"
7="tcp_shutdown"
[END_TRANSACTION]
1="http://127.0.0.1:1080/WebTours/"
2="http://127.0.0.1:1080/WebTours/header.html"
3="http://127.0.0.1:1080/WebTours/images/hp_logo.png"
4="http://127.0.0.1:1080/WebTours/images/webtours.png"
5="http://127.0.0.1:1080/WebTours/welcome.pl?signOff=true"
6="http://127.0.0.1:1080/WebTours/home.html"
7="http://127.0.0.1:1080/WebTours/nav.pl?in=home"
8="http://127.0.0.1:1080/WebTours/images/mer_login.gif"
9="http://127.0.0.1:1080/WebTours/JSFormSubmit.js"
10="WebTours_vuser_init_14"
11="S01_T01_HomePage"
12="http://127.0.0.1:1080/WebTours/error.pl"
13="http://127.0.0.1:1080/WebTours/images/splash_error2.jpg"
14="http://127.0.0.1:1080/WebTours/images/startover.gif"
15="login.pl_vuser_init_29"
16="S01_T02_LogIn"
17="vuser_init_Transaction"
18="http://127.0.0.1:1080/WebTours/welcome.pl?page=search"
19="http://127.0.0.1:1080/WebTours/nav.pl?page=menu&in=flights"
20="http://127.0.0.1:1080/WebTours/reservations.pl?page=welcome"
21="S01_T03_SearchFlight"
22="http://127.0.0.1:1080/WebTours/images/in_flights.gif"
23="http://127.0.0.1:1080/WebTours/images/itinerary.gif"
24="http://127.0.0.1:1080/WebTours/images/home.gif"
25="http://127.0.0.1:1080/WebTours/images/signoff.gif"
26="http://127.0.0.1:1080/WebTours/images/button_next.gif"
27="welcome.pl_Action_6"
28="S01_T04_BookFlight"
29="http://127.0.0.1:1080/WebTours/reservations.pl"
30="reservations.pl_Action_21"
31="reservations.pl_2_Action_36"
32="http://127.0.0.1:1080/WebTours/images/bookanother.gif"
33="reservations.pl_3_Action_50"
34="S01_T05_PaymentDetails"
35="http://127.0.0.1:1080/WebTours/welcome.pl?page=itinerary"
36="http://127.0.0.1:1080/WebTours/nav.pl?page=menu&in=itinerary"
37="http://127.0.0.1:1080/WebTours/itinerary.pl"
38="http://127.0.0.1:1080/WebTours/images/flights.gif"
39="http://127.0.0.1:1080/WebTours/images/in_itinerary.gif"
40="Itinerary_Button_Action_71"
41="S01_T06_CheckItinerary"
42="Action_Transaction"
43="http://127.0.0.1:1080/WebTours/welcome.pl?signOff=1"
44="welcome.pl_2_vuser_end_6"
45="S01_T07_SignOff"
46="vuser_end_Transaction"
